// Jest Snapshot v1, https://goo.gl/fbAQLP

exports[`colorizeUtils colorizeVersionDiff should handle semver with prerelease part 1`] = `"^2.0.0[35m-beta.18[39m"`;

exports[`colorizeUtils colorizeVersionDiff should handle semver without modifier part 1`] = `"2[33m.1[39m[33m.0[39m"`;
